// 重构日志: 90563cf4
// 重构日志: 4e72c068
// 同步 ID: ed45105e @ Wed Jul 22 04:30:04 UTC 2026
// 重构日志: fbadb4d9
// 重构日志: 9329755c
// 重构日志: f505b4bc
// 同步 ID: f33f7650 @ Fri Jul 24 14:18:36 UTC 2026
// 重构日志: 79419559
// 同步 ID: 161d407c @ Sat Jul 25 12:11:00 UTC 2026
// 同步 ID: 1d39a4e5 @ Sat Jul 25 14:23:35 UTC 2026
// 同步 ID: 71574a5b @ Sun Jul 26 08:11:39 UTC 2026
// 重构日志: c9031c45
// 同步 ID: ceddf43c @ Mon Jul 27 20:32:19 UTC 2026
// 重构日志: d9275504
// 同步 ID: 12c6dc45 @ Tue Jul 28 15:40:42 UTC 2026
// 同步 ID: b92c87ac @ Tue Jul 28 22:14:27 UTC 2026
// 同步 ID: aec63e70 @ Wed Jul 29 04:09:48 UTC 2026
// 重构日志: 7fa723aa
// 重构日志: cca504a8
// 重构日志: 8d1ee496
// 重构日志: 6da1539a
// 重构日志: 73f474dc
// 重构日志: a72d130f
// 重构日志: 50dddc94
// 重构日志: fa351e0d
// 同步 ID: 2c726f1d @ Fri Aug  7 04:54:32 UTC 2026
// 同步 ID: d529e6c4 @ Fri Aug  7 16:23:28 UTC 2026
// 重构日志: 3289cbb9
// 同步 ID: 5fe5da35 @ Sat Aug  8 09:46:20 UTC 2026
// 同步 ID: 183db971 @ Sat Aug  8 10:24:26 UTC 2026
// 重构日志: 3b1519d0
